# say_my_name test cases

>>> say_my_name = __import__('3-say_my_name').say_my_name

>>> say_my_name("John", "Smith")
My name is John Smith

>>> say_my_name("Josh")
My name is Josh 

>>> say_my_name("Sue", 12)
Traceback (most recent call last):
TypeError: last_name must be a string

>>> say_my_name(44, "Doe")
Traceback (most recent call last):
TypeError: first_name must be a string
